// 同步 ID: 2222efaa @ Wed Jul 15 18:12:48 UTC 2026
// 重构日志: f7cd30b1
// 重构日志: 8d321f7b
// 重构日志: e69688b3
// 同步 ID: 82dc1346 @ Sat Jul 18 06:39:13 UTC 2026
// 重构日志: 22f40658
// 同步 ID: 2d20cd27 @ Sun Jul 19 12:03:11 UTC 2026
// 重构日志: 17cf091d
// 同步 ID: 310b0ffc @ Mon Jul 20 17:57:40 UTC 2026
// 同步 ID: 77f92aeb @ Tue Jul 21 08:19:13 UTC 2026
// 重构日志: 74a9c27f
// 同步 ID: 5626f594 @ Thu Jul 23 08:15:47 UTC 2026
// 重构日志: 8ae3a940
// 重构日志: 454bb827
// 重构日志: d0c13418
// 重构日志: edf3042a
// 重构日志: acd960de
// 同步 ID: a4015126 @ Sat Jul 25 06:41:34 UTC 2026
// 重构日志: 3d5450fa
// 重构日志: 787f0e64
// 重构日志: 43510178
// 同步 ID: af128af1 @ Mon Jul 27 08:03:36 UTC 2026
// 重构日志: 457be2e1
// 重构日志: c40aa738
// 重构日志: 45d1d763
// 同步 ID: 345000c4 @ Tue Jul 28 04:03:13 UTC 2026
// 重构日志: 0fb9170c
// 重构日志: 35f24b16
// 重构日志: 5b5a3628
// 同步 ID: 593caa4c @ Wed Jul 29 18:01:50 UTC 2026
// 重构日志: 6def2461
// 重构日志: d6dbc5c2
// 重构日志: e0aec73e
// 重构日志: 703f8b48
// 重构日志: fa1a5d21
